ARM Linker, 5.03 [Build 76] [MDK-ARM Lite]

==============================================================================

Section Cross References



==============================================================================

Image Symbol Table

    Local Symbols

    Symbol Name                              Value     Ov Type        Size  Object(Section)

    prog                                     0x00000000   Section       24  labfourqtwo.o(prog)
    LabFour.s                                0x00000000   Number         0  labfour.o ABSOLUTE
    LabFourQTwo.s                            0x00000000   Number         0  labfourqtwo.o ABSOLUTE
    prog                                     0x00000018   Section       28  labfour.o(prog)

    Global Symbols

    Symbol Name                              Value     Ov Type        Size  Object(Section)

    BuildAttributes$$THM_ISAv1$ARM_ISAv4$S$PE$A:L22$X:L11$S22$IEEE1$IW$USESV6$~STKCKD$USESV7$~SHL$OSPACE$EBA8$STANDARDLIB$PRES8$EABIv2 0x00000000   Number         0  anon$$obj.o ABSOLUTE



==============================================================================

Memory Map of the image

  Image Entry point : 0x00000000

  Load Region LR_1 (Base: 0x00000000, Size: 0x00000034, Max: 0xffffffff, ABSOLUTE)

    Execution Region ER_RO (Base: 0x00000000, Size: 0x00000000, Max: 0xffffffff, ABSOLUTE)

    **** No section assigned to this execution region ****


    Execution Region ER_RW (Base: 0x00000000, Size: 0x00000034, Max: 0xffffffff, ABSOLUTE)

    Base Addr    Size         Type   Attr      Idx    E Section Name        Object

    0x00000000   0x00000018   Code   RW            1  * prog                labfourqtwo.o
    0x00000018   0x0000001c   Code   RW            6  * prog                labfour.o


    Execution Region ER_ZI (Base: 0x00000034, Size: 0x00000000, Max: 0xffffffff, ABSOLUTE)

    **** No section assigned to this execution region ****


==============================================================================

Image component sizes


      Code (inc. data)   RO Data    RW Data    ZI Data      Debug   Object Name

        28          0          0          0          0        164   labfour.o
        24          4          0          0          0        200   labfourqtwo.o

    ----------------------------------------------------------------------
        52          4          0          0          0        364   Object Totals
         0          0          0          0          0          0   (incl. Generated)
         0          0          0          0          0          0   (incl. Padding)

    ----------------------------------------------------------------------
         0          0          0          0          0          0   Library Totals
         0          0          0          0          0          0   (incl. Padding)

    ----------------------------------------------------------------------

==============================================================================


      Code (inc. data)   RO Data    RW Data    ZI Data      Debug   

        52          4          0          0          0        364   Grand Totals
        52          4          0          0          0        364   ELF Image Totals
        52          4          0          0          0          0   ROM Totals

==============================================================================

    Total RO  Size (Code + RO Data)                   52 (   0.05kB)
    Total RW  Size (RW Data + ZI Data)                 0 (   0.00kB)
    Total ROM Size (Code + RO Data + RW Data)         52 (   0.05kB)

==============================================================================

